// Jest Snapshot v1, https://goo.gl/fbAQLP

exports[`[Component: Input] should match snapshot 1`] = `
ShallowWrapper {
  "length": 1,
  Symbol(enzyme.__root__): [Circular],
  Symbol(enzyme.__unrendered__): <SearchBox />,
  Symbol(enzyme.__renderer__): Object {
    "batchedUpdates": [Function],
    "getNode": [Function],
    "render": [Function],
    "simulateEvent": [Function],
    "unmount": [Function],
  },
  Symbol(enzyme.__node__): Object {
    "instance": null,
    "key": undefined,
    "nodeType": "host",
    "props": Object {
      "children": <form>
        <input
          className={undefined}
          type="search"
        />
        <button
          className="
            undefined
            undefined
            undefined
          "
          type="submit"
        >
          search
        </button>
      </form>,
      "className": undefined,
    },
    "ref": null,
    "rendered": Object {
      "instance": null,
      "key": undefined,
      "nodeType": "host",
      "props": Object {
        "children": Array [
          <input
            className={undefined}
            type="search"
          />,
          <button
            className="
            undefined
            undefined
            undefined
          "
            type="submit"
          >
            search
          </button>,
        ],
      },
      "ref": null,
      "rendered": Array [
        Object {
          "instance": null,
          "key": undefined,
          "nodeType": "host",
          "props": Object {
            "className": undefined,
            "type": "search",
          },
          "ref": null,
          "rendered": null,
          "type": "input",
        },
        Object {
          "instance": null,
          "key": undefined,
          "nodeType": "host",
          "props": Object {
            "children": "search",
            "className": "
            undefined
            undefined
            undefined
          ",
            "type": "submit",
          },
          "ref": null,
          "rendered": "search",
          "type": "button",
        },
      ],
      "type": "form",
    },
    "type": "div",
  },
  Symbol(enzyme.__nodes__): Array [
    Object {
      "instance": null,
      "key": undefined,
      "nodeType": "host",
      "props": Object {
        "children": <form>
          <input
            className={undefined}
            type="search"
          />
          <button
            className="
            undefined
            undefined
            undefined
          "
            type="submit"
          >
            search
          </button>
        </form>,
        "className": undefined,
      },
      "ref": null,
      "rendered": Object {
        "instance": null,
        "key": undefined,
        "nodeType": "host",
        "props": Object {
          "children": Array [
            <input
              className={undefined}
              type="search"
            />,
            <button
              className="
            undefined
            undefined
            undefined
          "
              type="submit"
            >
              search
            </button>,
          ],
        },
        "ref": null,
        "rendered": Array [
          Object {
            "instance": null,
            "key": undefined,
            "nodeType": "host",
            "props": Object {
              "className": undefined,
              "type": "search",
            },
            "ref": null,
            "rendered": null,
            "type": "input",
          },
          Object {
            "instance": null,
            "key": undefined,
            "nodeType": "host",
            "props": Object {
              "children": "search",
              "className": "
            undefined
            undefined
            undefined
          ",
              "type": "submit",
            },
            "ref": null,
            "rendered": "search",
            "type": "button",
          },
        ],
        "type": "form",
      },
      "type": "div",
    },
  ],
  Symbol(enzyme.__options__): Object {
    "adapter": ReactSixteenAdapter {
      "options": Object {
        "enableComponentDidUpdateOnSetState": true,
      },
    },
  },
}
`;
