// Jest Snapshot v1, https://goo.gl/fbAQLP

exports[`[Component: FooterMenu] should match snapshot 1`] = `
ShallowWrapper {
  "length": 1,
  Symbol(enzyme.__root__): [Circular],
  Symbol(enzyme.__unrendered__): <Footer />,
  Symbol(enzyme.__renderer__): Object {
    "batchedUpdates": [Function],
    "getNode": [Function],
    "render": [Function],
    "simulateEvent": [Function],
    "unmount": [Function],
  },
  Symbol(enzyme.__node__): Object {
    "instance": null,
    "key": undefined,
    "nodeType": "host",
    "props": Object {
      "children": Array [
        <div
          className={undefined}
        />,
        <div
          className={undefined}
        >
          <FooterMenu
            links={
              Array [
                Object {
                  "href": "/",
                  "text": "Home",
                },
                Object {
                  "href": "/",
                  "text": "Jobs",
                },
                Object {
                  "href": "/",
                  "text": "About",
                },
                Object {
                  "href": "/",
                  "text": "Departament",
                },
              ]
            }
            title="jobs at"
          />
        </div>,
        <div
          className={undefined}
        >
          <FooterMenu
            links={
              Array [
                Object {
                  "href": "/",
                  "text": "F.A.Q.",
                },
                Object {
                  "href": "/",
                  "text": "Application process",
                },
                Object {
                  "href": "/",
                  "text": "Privacy policy",
                },
                Object {
                  "href": "/",
                  "text": "Contact",
                },
              ]
            }
            title="Information"
          />
        </div>,
        <div
          className={undefined}
        >
          <FooterMenuSocial
            title="Folow Us"
          />
        </div>,
        <div
          className={undefined}
        >
          <FooterMenu
            links={
              Array [
                Object {
                  "href": "/",
                  "text": "Subscribe to your job alert",
                },
              ]
            }
            title="Job Alert"
          />
        </div>,
      ],
      "className": undefined,
    },
    "ref": null,
    "rendered": Array [
      Object {
        "instance": null,
        "key": undefined,
        "nodeType": "host",
        "props": Object {
          "className": undefined,
        },
        "ref": null,
        "rendered": null,
        "type": "div",
      },
      Object {
        "instance": null,
        "key": undefined,
        "nodeType": "host",
        "props": Object {
          "children": <FooterMenu
            links={
              Array [
                Object {
                  "href": "/",
                  "text": "Home",
                },
                Object {
                  "href": "/",
                  "text": "Jobs",
                },
                Object {
                  "href": "/",
                  "text": "About",
                },
                Object {
                  "href": "/",
                  "text": "Departament",
                },
              ]
            }
            title="jobs at"
          />,
          "className": undefined,
        },
        "ref": null,
        "rendered": Object {
          "instance": null,
          "key": undefined,
          "nodeType": "function",
          "props": Object {
            "links": Array [
              Object {
                "href": "/",
                "text": "Home",
              },
              Object {
                "href": "/",
                "text": "Jobs",
              },
              Object {
                "href": "/",
                "text": "About",
              },
              Object {
                "href": "/",
                "text": "Departament",
              },
            ],
            "title": "jobs at",
          },
          "ref": null,
          "rendered": null,
          "type": [Function],
        },
        "type": "div",
      },
      Object {
        "instance": null,
        "key": undefined,
        "nodeType": "host",
        "props": Object {
          "children": <FooterMenu
            links={
              Array [
                Object {
                  "href": "/",
                  "text": "F.A.Q.",
                },
                Object {
                  "href": "/",
                  "text": "Application process",
                },
                Object {
                  "href": "/",
                  "text": "Privacy policy",
                },
                Object {
                  "href": "/",
                  "text": "Contact",
                },
              ]
            }
            title="Information"
          />,
          "className": undefined,
        },
        "ref": null,
        "rendered": Object {
          "instance": null,
          "key": undefined,
          "nodeType": "function",
          "props": Object {
            "links": Array [
              Object {
                "href": "/",
                "text": "F.A.Q.",
              },
              Object {
                "href": "/",
                "text": "Application process",
              },
              Object {
                "href": "/",
                "text": "Privacy policy",
              },
              Object {
                "href": "/",
                "text": "Contact",
              },
            ],
            "title": "Information",
          },
          "ref": null,
          "rendered": null,
          "type": [Function],
        },
        "type": "div",
      },
      Object {
        "instance": null,
        "key": undefined,
        "nodeType": "host",
        "props": Object {
          "children": <FooterMenuSocial
            title="Folow Us"
          />,
          "className": undefined,
        },
        "ref": null,
        "rendered": Object {
          "instance": null,
          "key": undefined,
          "nodeType": "function",
          "props": Object {
            "title": "Folow Us",
          },
          "ref": null,
          "rendered": null,
          "type": [Function],
        },
        "type": "div",
      },
      Object {
        "instance": null,
        "key": undefined,
        "nodeType": "host",
        "props": Object {
          "children": <FooterMenu
            links={
              Array [
                Object {
                  "href": "/",
                  "text": "Subscribe to your job alert",
                },
              ]
            }
            title="Job Alert"
          />,
          "className": undefined,
        },
        "ref": null,
        "rendered": Object {
          "instance": null,
          "key": undefined,
          "nodeType": "function",
          "props": Object {
            "links": Array [
              Object {
                "href": "/",
                "text": "Subscribe to your job alert",
              },
            ],
            "title": "Job Alert",
          },
          "ref": null,
          "rendered": null,
          "type": [Function],
        },
        "type": "div",
      },
    ],
    "type": "div",
  },
  Symbol(enzyme.__nodes__): Array [
    Object {
      "instance": null,
      "key": undefined,
      "nodeType": "host",
      "props": Object {
        "children": Array [
          <div
            className={undefined}
          />,
          <div
            className={undefined}
          >
            <FooterMenu
              links={
                Array [
                  Object {
                    "href": "/",
                    "text": "Home",
                  },
                  Object {
                    "href": "/",
                    "text": "Jobs",
                  },
                  Object {
                    "href": "/",
                    "text": "About",
                  },
                  Object {
                    "href": "/",
                    "text": "Departament",
                  },
                ]
              }
              title="jobs at"
            />
          </div>,
          <div
            className={undefined}
          >
            <FooterMenu
              links={
                Array [
                  Object {
                    "href": "/",
                    "text": "F.A.Q.",
                  },
                  Object {
                    "href": "/",
                    "text": "Application process",
                  },
                  Object {
                    "href": "/",
                    "text": "Privacy policy",
                  },
                  Object {
                    "href": "/",
                    "text": "Contact",
                  },
                ]
              }
              title="Information"
            />
          </div>,
          <div
            className={undefined}
          >
            <FooterMenuSocial
              title="Folow Us"
            />
          </div>,
          <div
            className={undefined}
          >
            <FooterMenu
              links={
                Array [
                  Object {
                    "href": "/",
                    "text": "Subscribe to your job alert",
                  },
                ]
              }
              title="Job Alert"
            />
          </div>,
        ],
        "className": undefined,
      },
      "ref": null,
      "rendered": Array [
        Object {
          "instance": null,
          "key": undefined,
          "nodeType": "host",
          "props": Object {
            "className": undefined,
          },
          "ref": null,
          "rendered": null,
          "type": "div",
        },
        Object {
          "instance": null,
          "key": undefined,
          "nodeType": "host",
          "props": Object {
            "children": <FooterMenu
              links={
                Array [
                  Object {
                    "href": "/",
                    "text": "Home",
                  },
                  Object {
                    "href": "/",
                    "text": "Jobs",
                  },
                  Object {
                    "href": "/",
                    "text": "About",
                  },
                  Object {
                    "href": "/",
                    "text": "Departament",
                  },
                ]
              }
              title="jobs at"
            />,
            "className": undefined,
          },
          "ref": null,
          "rendered": Object {
            "instance": null,
            "key": undefined,
            "nodeType": "function",
            "props": Object {
              "links": Array [
                Object {
                  "href": "/",
                  "text": "Home",
                },
                Object {
                  "href": "/",
                  "text": "Jobs",
                },
                Object {
                  "href": "/",
                  "text": "About",
                },
                Object {
                  "href": "/",
                  "text": "Departament",
                },
              ],
              "title": "jobs at",
            },
            "ref": null,
            "rendered": null,
            "type": [Function],
          },
          "type": "div",
        },
        Object {
          "instance": null,
          "key": undefined,
          "nodeType": "host",
          "props": Object {
            "children": <FooterMenu
              links={
                Array [
                  Object {
                    "href": "/",
                    "text": "F.A.Q.",
                  },
                  Object {
                    "href": "/",
                    "text": "Application process",
                  },
                  Object {
                    "href": "/",
                    "text": "Privacy policy",
                  },
                  Object {
                    "href": "/",
                    "text": "Contact",
                  },
                ]
              }
              title="Information"
            />,
            "className": undefined,
          },
          "ref": null,
          "rendered": Object {
            "instance": null,
            "key": undefined,
            "nodeType": "function",
            "props": Object {
              "links": Array [
                Object {
                  "href": "/",
                  "text": "F.A.Q.",
                },
                Object {
                  "href": "/",
                  "text": "Application process",
                },
                Object {
                  "href": "/",
                  "text": "Privacy policy",
                },
                Object {
                  "href": "/",
                  "text": "Contact",
                },
              ],
              "title": "Information",
            },
            "ref": null,
            "rendered": null,
            "type": [Function],
          },
          "type": "div",
        },
        Object {
          "instance": null,
          "key": undefined,
          "nodeType": "host",
          "props": Object {
            "children": <FooterMenuSocial
              title="Folow Us"
            />,
            "className": undefined,
          },
          "ref": null,
          "rendered": Object {
            "instance": null,
            "key": undefined,
            "nodeType": "function",
            "props": Object {
              "title": "Folow Us",
            },
            "ref": null,
            "rendered": null,
            "type": [Function],
          },
          "type": "div",
        },
        Object {
          "instance": null,
          "key": undefined,
          "nodeType": "host",
          "props": Object {
            "children": <FooterMenu
              links={
                Array [
                  Object {
                    "href": "/",
                    "text": "Subscribe to your job alert",
                  },
                ]
              }
              title="Job Alert"
            />,
            "className": undefined,
          },
          "ref": null,
          "rendered": Object {
            "instance": null,
            "key": undefined,
            "nodeType": "function",
            "props": Object {
              "links": Array [
                Object {
                  "href": "/",
                  "text": "Subscribe to your job alert",
                },
              ],
              "title": "Job Alert",
            },
            "ref": null,
            "rendered": null,
            "type": [Function],
          },
          "type": "div",
        },
      ],
      "type": "div",
    },
  ],
  Symbol(enzyme.__options__): Object {
    "adapter": ReactSixteenAdapter {
      "options": Object {
        "enableComponentDidUpdateOnSetState": true,
      },
    },
  },
}
`;
